<?xml version="1.0" encoding="UTF-8" standalone="no"?>
<mappingRoot xmlns="http://www.ibm.com/2008/ccl/Mapping" xmlns:map="default" domainID="com.ibm.msl.mapping.xml" domainIDExtension="mb" mainMap="true" targetNamespace="default" version="8.0.5.0">
    <input path="/IBMdefined/org/xmlsoap/schemas/soap/envelope/soapenv11.xsd"/>
    <output path="/IBMdefined/org/xmlsoap/schemas/soap/envelope/soapenv11.xsd"/>
    <generation engine="xquery"/>
    <mappingDeclaration name="GetAccountFlow_Mapping">
        <input namespace="http://schemas.xmlsoap.org/soap/envelope/" path="mb:msg(Body,assembly,XMLNSC,Properties)" var="ComIbmMessageAssembly_Body"/>
        <output namespace="http://schemas.xmlsoap.org/soap/envelope/" path="mb:msg(Body,assembly,XMLNSC,Properties)" var="ComIbmMessageAssembly_Body1"/>
        <move>
            <input path="$ComIbmMessageAssembly_Body/Properties"/>
            <output path="$ComIbmMessageAssembly_Body1/Properties"/>
        </move>
    </mappingDeclaration>
</mappingRoot>
